[2026-03-18 16:43:29] Erro em analyze_current_frame:
Traceback (most recent call last):
  File "C:\Users\18881\Desktop\Reconhecdimento parcial\projeto_reconhecimento\app.py", line 452, in process_video_stream
    self.analyze_current_frame(action, register_name, frame)
  File "C:\Users\18881\Desktop\Reconhecdimento parcial\projeto_reconhecimento\app.py", line 366, in analyze_current_frame
    landmarks_list = face_recognition.face_landmarks(rgb_small, known_face_locations=locations_small)
                     ^^^^^^^^^^^^^^^^^^^^^^^^^^^^^^^^^^^^^^^^^^^^^^^^^^^^^^^^^^^^^^^^^^^^^^^^^^^^^^^^
TypeError: face_landmarks() got an unexpected keyword argument 'known_face_locations'

[2026-03-18 16:43:33] Erro em analyze_current_frame:
Traceback (most recent call last):
  File "C:\Users\18881\Desktop\Reconhecdimento parcial\projeto_reconhecimento\app.py", line 452, in process_video_stream
    self.analyze_current_frame(action, register_name, frame)
  File "C:\Users\18881\Desktop\Reconhecdimento parcial\projeto_reconhecimento\app.py", line 366, in analyze_current_frame
    landmarks_list = face_recognition.face_landmarks(rgb_small, known_face_locations=locations_small)
                     ^^^^^^^^^^^^^^^^^^^^^^^^^^^^^^^^^^^^^^^^^^^^^^^^^^^^^^^^^^^^^^^^^^^^^^^^^^^^^^^^
TypeError: face_landmarks() got an unexpected keyword argument 'known_face_locations'

[2026-03-18 16:43:34] Erro em analyze_current_frame:
Traceback (most recent call last):
  File "C:\Users\18881\Desktop\Reconhecdimento parcial\projeto_reconhecimento\app.py", line 452, in process_video_stream
    self.analyze_current_frame(action, register_name, frame)
  File "C:\Users\18881\Desktop\Reconhecdimento parcial\projeto_reconhecimento\app.py", line 366, in analyze_current_frame
    landmarks_list = face_recognition.face_landmarks(rgb_small, known_face_locations=locations_small)
                     ^^^^^^^^^^^^^^^^^^^^^^^^^^^^^^^^^^^^^^^^^^^^^^^^^^^^^^^^^^^^^^^^^^^^^^^^^^^^^^^^
TypeError: face_landmarks() got an unexpected keyword argument 'known_face_locations'

[2026-03-18 16:43:36] Erro em analyze_current_frame:
Traceback (most recent call last):
  File "C:\Users\18881\Desktop\Reconhecdimento parcial\projeto_reconhecimento\app.py", line 452, in process_video_stream
    self.analyze_current_frame(action, register_name, frame)
  File "C:\Users\18881\Desktop\Reconhecdimento parcial\projeto_reconhecimento\app.py", line 366, in analyze_current_frame
    landmarks_list = face_recognition.face_landmarks(rgb_small, known_face_locations=locations_small)
                     ^^^^^^^^^^^^^^^^^^^^^^^^^^^^^^^^^^^^^^^^^^^^^^^^^^^^^^^^^^^^^^^^^^^^^^^^^^^^^^^^
TypeError: face_landmarks() got an unexpected keyword argument 'known_face_locations'

[2026-03-18 16:44:03] Erro em analyze_current_frame:
Traceback (most recent call last):
  File "C:\Users\18881\Desktop\Reconhecdimento parcial\projeto_reconhecimento\app.py", line 452, in process_video_stream
    self.analyze_current_frame(action, register_name, frame)
  File "C:\Users\18881\Desktop\Reconhecdimento parcial\projeto_reconhecimento\app.py", line 366, in analyze_current_frame
    landmarks_list = face_recognition.face_landmarks(rgb_small, known_face_locations=locations_small)
                     ^^^^^^^^^^^^^^^^^^^^^^^^^^^^^^^^^^^^^^^^^^^^^^^^^^^^^^^^^^^^^^^^^^^^^^^^^^^^^^^^
TypeError: face_landmarks() got an unexpected keyword argument 'known_face_locations'

[2026-03-18 16:44:06] Erro em analyze_current_frame:
Traceback (most recent call last):
  File "C:\Users\18881\Desktop\Reconhecdimento parcial\projeto_reconhecimento\app.py", line 452, in process_video_stream
    self.analyze_current_frame(action, register_name, frame)
  File "C:\Users\18881\Desktop\Reconhecdimento parcial\projeto_reconhecimento\app.py", line 366, in analyze_current_frame
    landmarks_list = face_recognition.face_landmarks(rgb_small, known_face_locations=locations_small)
                     ^^^^^^^^^^^^^^^^^^^^^^^^^^^^^^^^^^^^^^^^^^^^^^^^^^^^^^^^^^^^^^^^^^^^^^^^^^^^^^^^
TypeError: face_landmarks() got an unexpected keyword argument 'known_face_locations'

[2026-03-18 16:44:08] Erro em analyze_current_frame:
Traceback (most recent call last):
  File "C:\Users\18881\Desktop\Reconhecdimento parcial\projeto_reconhecimento\app.py", line 452, in process_video_stream
    self.analyze_current_frame(action, register_name, frame)
  File "C:\Users\18881\Desktop\Reconhecdimento parcial\projeto_reconhecimento\app.py", line 366, in analyze_current_frame
    landmarks_list = face_recognition.face_landmarks(rgb_small, known_face_locations=locations_small)
                     ^^^^^^^^^^^^^^^^^^^^^^^^^^^^^^^^^^^^^^^^^^^^^^^^^^^^^^^^^^^^^^^^^^^^^^^^^^^^^^^^
TypeError: face_landmarks() got an unexpected keyword argument 'known_face_locations'

[2026-03-18 16:44:08] Erro em analyze_current_frame:
Traceback (most recent call last):
  File "C:\Users\18881\Desktop\Reconhecdimento parcial\projeto_reconhecimento\app.py", line 452, in process_video_stream
    self.analyze_current_frame(action, register_name, frame)
  File "C:\Users\18881\Desktop\Reconhecdimento parcial\projeto_reconhecimento\app.py", line 366, in analyze_current_frame
    landmarks_list = face_recognition.face_landmarks(rgb_small, known_face_locations=locations_small)
                     ^^^^^^^^^^^^^^^^^^^^^^^^^^^^^^^^^^^^^^^^^^^^^^^^^^^^^^^^^^^^^^^^^^^^^^^^^^^^^^^^
TypeError: face_landmarks() got an unexpected keyword argument 'known_face_locations'

[2026-03-18 16:44:53] Erro em analyze_current_frame:
Traceback (most recent call last):
  File "C:\Users\18881\Desktop\Reconhecdimento parcial\projeto_reconhecimento\app.py", line 452, in process_video_stream
    self.analyze_current_frame(action, register_name, frame)
  File "C:\Users\18881\Desktop\Reconhecdimento parcial\projeto_reconhecimento\app.py", line 366, in analyze_current_frame
    landmarks_list = face_recognition.face_landmarks(rgb_small, known_face_locations=locations_small)
                     ^^^^^^^^^^^^^^^^^^^^^^^^^^^^^^^^^^^^^^^^^^^^^^^^^^^^^^^^^^^^^^^^^^^^^^^^^^^^^^^^
TypeError: face_landmarks() got an unexpected keyword argument 'known_face_locations'

[2026-03-18 16:44:56] Erro em analyze_current_frame:
Traceback (most recent call last):
  File "C:\Users\18881\Desktop\Reconhecdimento parcial\projeto_reconhecimento\app.py", line 452, in process_video_stream
    self.analyze_current_frame(action, register_name, frame)
  File "C:\Users\18881\Desktop\Reconhecdimento parcial\projeto_reconhecimento\app.py", line 366, in analyze_current_frame
    landmarks_list = face_recognition.face_landmarks(rgb_small, known_face_locations=locations_small)
                     ^^^^^^^^^^^^^^^^^^^^^^^^^^^^^^^^^^^^^^^^^^^^^^^^^^^^^^^^^^^^^^^^^^^^^^^^^^^^^^^^
TypeError: face_landmarks() got an unexpected keyword argument 'known_face_locations'

